// Jest Snapshot v1, https://goo.gl/fbAQLP

exports[`CreatePost component snapshot it matches the snapshot 1`] = `
<div
  className="createSubredditContainer"
>
  <h3>
    CREATE A SUBREDDIT
  </h3>
  <div />
  <hr />
  <form
    onSubmit={[Function]}
  >
    <div
      className="formGroupSubredditComponent"
    >
      <label
        for="SubredditName"
      >
        Enter Subreddit Name
      </label>
      <br />
      <input
        id="srSubredditName"
        name="text"
        onChange={[Function]}
        placeholder="Think of something remarkable!"
        type="text"
      />
    </div>
    <div
      className="formGroupSubredditComponent"
    >
      <label
        for="SubredditRule"
      >
        Subreddit Rule:
      </label>
      <textarea
        id="srSubredditRule1"
        name="text"
        onChange={[Function]}
        placeholder="ex: Flamers will be banned! "
        type="textarea"
      />
    </div>
    <div
      className="formGroupSubredditComponent"
    >
      <label
        for="SubredditRule"
      >
        Subreddit Rule:
      </label>
      <textarea
        id="srSubredditRule2"
        name="text"
        onChange={[Function]}
        placeholder="ex: Flamers will be banned! "
        type="textarea"
      />
    </div>
    <div
      className="formGroupSubredditComponent"
    >
      <label
        for="SubredditRule"
      >
        Subreddit Rule:
      </label>
      <textarea
        id="srSubredditRule3"
        name="text"
        onChange={[Function]}
        placeholder="ex: Flamers will be banned! "
        type="textarea"
      />
    </div>
    <div
      className="formGroupSubredditComponent"
    >
      <label
        for="SubredditBio"
      >
        Subreddit Bio:
      </label>
      <textarea
        id="srSubredditBio"
        name="text"
        onChange={[Function]}
        placeholder="ex: This subreddit is for people who..etc. "
        type="textarea"
      />
    </div>
    <div
      className="formGroupSubredditComponent"
    >
      <label
        for="SubredditModeator"
      >
        Subreddit Moderator:
      </label>
      <textarea
        id="srSubredditModerator"
        name="text"
        onChange={[Function]}
        placeholder="Usernames separated by commas. EX: Mahmoud, Mohamed, JamesBond"
        type="textarea"
      />
      <label
        for="coverPhoto"
      >
        Cover Photo:
      </label>
      <input
        id="coverPhoto"
        name="coverPhoto"
        onChange={[Function]}
        type="file"
      />
    </div>
    <button
      className="srSubredditPageCreateButton"
    >
      CREATE
    </button>
  </form>
</div>
`;

exports[`CreateSubreddit component snapshot it matches the snapshot 1`] = `
<div
  className="createSubredditContainer"
>
  <h3>
    CREATE A SUBREDDIT
  </h3>
  <div />
  <hr />
  <form
    onSubmit={[Function]}
  >
    <div
      className="formGroupSubredditComponent"
    >
      <label
        for="SubredditName"
      >
        Enter Subreddit Name
      </label>
      <br />
      <input
        id="srSubredditName"
        name="text"
        onChange={[Function]}
        placeholder="Think of something remarkable!"
        type="text"
      />
    </div>
    <div
      className="formGroupSubredditComponent"
    >
      <label
        for="SubredditRule"
      >
        Subreddit Rule:
      </label>
      <textarea
        id="srSubredditRule1"
        name="text"
        onChange={[Function]}
        placeholder="ex: Flamers will be banned! "
        type="textarea"
      />
    </div>
    <div
      className="formGroupSubredditComponent"
    >
      <label
        for="SubredditRule"
      >
        Subreddit Rule:
      </label>
      <textarea
        id="srSubredditRule2"
        name="text"
        onChange={[Function]}
        placeholder="ex: Flamers will be banned! "
        type="textarea"
      />
    </div>
    <div
      className="formGroupSubredditComponent"
    >
      <label
        for="SubredditRule"
      >
        Subreddit Rule:
      </label>
      <textarea
        id="srSubredditRule3"
        name="text"
        onChange={[Function]}
        placeholder="ex: Flamers will be banned! "
        type="textarea"
      />
    </div>
    <div
      className="formGroupSubredditComponent"
    >
      <label
        for="SubredditBio"
      >
        Subreddit Bio:
      </label>
      <textarea
        id="srSubredditBio"
        name="text"
        onChange={[Function]}
        placeholder="ex: This subreddit is for people who..etc. "
        type="textarea"
      />
    </div>
    <div
      className="formGroupSubredditComponent"
    >
      <label
        for="SubredditModeator"
      >
        Subreddit Moderator:
      </label>
      <textarea
        id="srSubredditModerator"
        name="text"
        onChange={[Function]}
        placeholder="Usernames separated by commas. EX: Mahmoud, Mohamed, JamesBond"
        type="textarea"
      />
      <label
        for="coverPhoto"
      >
        Cover Photo:
      </label>
      <input
        id="coverPhoto"
        name="coverPhoto"
        onChange={[Function]}
        type="file"
      />
    </div>
    <button
      className="srSubredditPageCreateButton"
    >
      CREATE
    </button>
  </form>
</div>
`;
